閫傜敤浜?.NET MSBuild 鐗堟湰 17.8.3+195e7f5a3
  姝ｅ湪纭畾瑕佽繕鍘熺殑椤圭洰鈥?
  鎵€鏈夐」鐩潎鏄渶鏂扮殑锛屾棤娉曡繕鍘熴€?
C:\Users\Linyizhi\.gemini\GeminiLauncher\Views\VersionSelectorPage.xaml(93,67): error MC3000: 鈥淣ame cannot begin with the '4' character, hexadecimal value 0x34. Line 93, position 67.鈥漍ML 鏃犳晥銆?[C:\Users\Linyizhi\.gemini\GeminiLauncher\GeminiLauncher.csproj]

鐢熸垚澶辫触銆?

C:\Users\Linyizhi\.gemini\GeminiLauncher\Views\VersionSelectorPage.xaml(93,67): error MC3000: 鈥淣ame cannot begin with the '4' character, hexadecimal value 0x34. Line 93, position 67.鈥漍ML 鏃犳晥銆?[C:\Users\Linyizhi\.gemini\GeminiLauncher\GeminiLauncher.csproj]
    0 涓鍛?
    1 涓敊璇?

宸茬敤鏃堕棿 00:00:00.91
